\BOOKMARK [1][-]{section.1}{\376\377\000I\000n\000t\000r\000o\000d\000u\000c\000t\000i\000o\000n}{}% 1
\BOOKMARK [1][-]{section.2}{\376\377\000R\000e\000l\000a\000t\000e\000d\000\040\000W\000o\000r\000k}{}% 2
\BOOKMARK [1][-]{section.3}{\376\377\000S\000e\000t\000u\000p\000:\000\040\000A\000\040\000T\000w\000o\000-\000L\000a\000y\000e\000r\000\040\000A\000g\000e\000n\000t\000\040\000w\000i\000t\000h\000\040\000D\000e\000t\000e\000r\000m\000i\000n\000i\000s\000t\000i\000c\000\040\000R\000e\000p\000l\000a\000y}{}% 3
\BOOKMARK [2][-]{subsection.3.1}{\376\377\000A\000g\000e\000n\000t\000,\000\040\000d\000e\000c\000i\000s\000i\000o\000n\000\040\000s\000c\000h\000e\000m\000a\000\040\000a\000n\000d\000\040\000r\000e\000c\000o\000r\000d\000e\000r}{section.3}% 4
\BOOKMARK [2][-]{subsection.3.2}{\376\377\000R\000e\000p\000l\000a\000y\000\040\000a\000n\000d\000\040\000i\000n\000t\000e\000r\000v\000e\000n\000t\000i\000o\000n\000s}{section.3}% 5
\BOOKMARK [2][-]{subsection.3.3}{\376\377\000T\000a\000s\000k\000s}{section.3}% 6
\BOOKMARK [1][-]{section.4}{\376\377\000M\000e\000a\000s\000u\000r\000i\000n\000g\000\040\000C\000r\000o\000s\000s\000-\000L\000a\000y\000e\000r\000\040\000C\000r\000e\000d\000i\000t}{}% 7
\BOOKMARK [2][-]{subsection.4.1}{\376\377\000N\000o\000i\000s\000e\000\040\000f\000l\000o\000o\000r}{section.4}% 8
\BOOKMARK [2][-]{subsection.4.2}{\376\377\000C\000H\000\040\000a\000n\000d\000\040\000C\000M}{section.4}% 9
\BOOKMARK [2][-]{subsection.4.3}{\376\377\000I\000n\000t\000e\000r\000a\000c\000t\000i\000o\000n\000\040\000I\000:\000\040\000s\000c\000r\000e\000e\000n\000i\000n\000g\000-\000o\000f\000f\000,\000\040\000i\000n\000\040\000b\000r\000i\000e\000f}{section.4}% 10
\BOOKMARK [2][-]{subsection.4.4}{\376\377\000T\000h\000e\000\040\000f\000o\000u\000r\000t\000h\000\040\000c\000e\000l\000l\000:\000\040\000t\000o\000t\000a\000l\000\040\000v\000s\000.\000\040\000d\000i\000r\000e\000c\000t\000\040\000h\000a\000r\000n\000e\000s\000s\000\040\000e\000f\000f\000e\000c\000t\000\040\000\050\000p\000r\000e\000-\000r\000e\000g\000s\000\040\0004\0000\040\023\0004\0003\000\051}{section.4}% 11
\BOOKMARK [1][-]{section.5}{\376\377\000T\000h\000e\000\040\000S\000t\000r\000u\000c\000t\000u\000r\000e\000\040\000o\000f\000\040\000H\000a\000r\000n\000e\000s\000s\000\040\000C\000r\000e\000d\000i\000t}{}% 12
\BOOKMARK [1][-]{section.6}{\376\377\000T\000r\000a\000i\000n\000i\000n\000g\000\040\000w\000i\000t\000h\000\040\000C\000r\000o\000s\000s\000-\000L\000a\000y\000e\000r\000\040\000C\000r\000e\000d\000i\000t}{}% 13
\BOOKMARK [1][-]{section.7}{\376\377\000T\000h\000e\000\040\000O\000t\000h\000e\000r\000\040\000B\000r\000a\000n\000c\000h\000\040\000o\000f\000\040\000t\000h\000e\000\040\000R\000u\000l\000e\000:\000\040\000A\000\040\000S\000e\000c\000o\000n\000d\000\040\000A\000g\000e\000n\000t\000\040\000C\000l\000a\000s\000s}{}% 14
\BOOKMARK [1][-]{section.8}{\376\377\000T\000h\000r\000e\000a\000t\000s\000\040\000t\000o\000\040\000V\000a\000l\000i\000d\000i\000t\000y\000\040\000a\000n\000d\000\040\000D\000i\000s\000c\000u\000s\000s\000i\000o\000n}{}% 15
\BOOKMARK [1][-]{section.9}{\376\377\000C\000o\000n\000c\000l\000u\000s\000i\000o\000n}{}% 16
\BOOKMARK [1][-]{appendix.A}{\376\377\000M\000a\000s\000t\000e\000r\000\040\000C\000l\000a\000i\000m\000\040\000T\000a\000b\000l\000e}{}% 17
\BOOKMARK [1][-]{appendix.B}{\376\377\000S\000c\000r\000e\000e\000n\000i\000n\000g\000-\000O\000f\000f\000,\000\040\000F\000o\000r\000m\000a\000l\000l\000y}{}% 18
\BOOKMARK [2][-]{subsection.B.1}{\376\377\000C\000o\000n\000t\000r\000o\000l\000\040\000t\000a\000s\000k\000s\000\040\000a\000n\000d\000\040\000t\000h\000e\000\040\000c\000\137\000t\000e\000m\000p\000\137\000l\000a\000b\000e\000l\000\040\000e\000x\000c\000e\000p\000t\000i\000o\000n}{appendix.B}% 19
\BOOKMARK [1][-]{appendix.C}{\376\377\000S\000h\000i\000e\000l\000d\000\040\000A\000n\000a\000t\000o\000m\000y\000\040\000a\000n\000d\000\040\000R\000o\000b\000u\000s\000t\000n\000e\000s\000s}{}% 20
\BOOKMARK [1][-]{appendix.D}{\376\377\000R\000e\000p\000l\000i\000c\000a\000t\000i\000o\000n\000\040\000A\000c\000r\000o\000s\000s\000\040\000M\000o\000d\000e\000l\000s\000,\000\040\000P\000o\000o\000l\000s\000,\000\040\000a\000n\000d\000\040\000E\000n\000v\000i\000r\000o\000n\000m\000e\000n\000t\000s}{}% 21
\BOOKMARK [1][-]{appendix.E}{\376\377\000V\0002\000\040\000C\000e\000n\000s\000u\000s\000:\000\040\000G\000a\000t\000e\000\040\000A\000c\000c\000o\000u\000n\000t\000i\000n\000g\000\040\000a\000n\000d\000\040\000S\000c\000o\000p\000e}{}% 22
\BOOKMARK [1][-]{appendix.F}{\376\377\000E\000s\000t\000i\000m\000a\000n\000d\000\040\000a\000n\000d\000\040\000I\000n\000f\000r\000a\000s\000t\000r\000u\000c\000t\000u\000r\000e\000\040\000C\000a\000v\000e\000a\000t\000s}{}% 23
\BOOKMARK [1][-]{appendix.G}{\376\377\000T\000r\000a\000i\000n\000i\000n\000g\000\040\000A\000c\000t\000s\000\040\0001\040\023\0003\000\040\000i\000n\000\040\000F\000u\000l\000l}{}% 24
\BOOKMARK [1][-]{appendix.H}{\376\377\000A\000d\000d\000i\000t\000i\000o\000n\000a\000l\000\040\000F\000i\000g\000u\000r\000e\000s\000\040\000a\000n\000d\000\040\000T\000a\000b\000l\000e\000s}{}% 25
\BOOKMARK [1][-]{appendix.I}{\376\377\000C\000r\000i\000t\000i\000c\000\040\000D\000e\000t\000a\000i\000l}{}% 26
\BOOKMARK [1][-]{appendix.J}{\376\377\000P\000r\000e\000-\000R\000e\000g\000i\000s\000t\000r\000a\000t\000i\000o\000n\000\040\000L\000e\000d\000g\000e\000r}{}% 27
\BOOKMARK [1][-]{appendix.K}{\376\377\000D\000e\000c\000i\000s\000i\000o\000n\000-\000R\000u\000l\000e\000\040\000A\000u\000d\000i\000t}{}% 28
\BOOKMARK [1][-]{appendix.L}{\376\377\000N\000u\000l\000l\000-\000R\000e\000p\000l\000a\000y\000\040\000R\000e\000c\000o\000n\000c\000i\000l\000i\000a\000t\000i\000o\000n}{}% 29
\BOOKMARK [1][-]{appendix.M}{\376\377\000B\000r\000e\000a\000k\000-\000P\000o\000i\000n\000t\000\040\000A\000n\000a\000t\000o\000m\000y\000\040\000\050\000D\000e\000s\000c\000r\000i\000p\000t\000i\000v\000e\000\051}{}% 30
\BOOKMARK [1][-]{appendix.N}{\376\377\000D\000e\000s\000i\000g\000n\000\040\000B\000r\000i\000e\000f\000\040\000f\000o\000r\000\040\000a\000\040\000C\000r\000o\000s\000s\000-\000L\000a\000y\000e\000r\000\040\000C\000r\000e\000d\000i\000t\000\040\000B\000e\000n\000c\000h\000m\000a\000r\000k}{}% 31
\BOOKMARK [1][-]{appendix.O}{\376\377\000L\000L\000M\000\040\000U\000s\000a\000g\000e\000\040\000D\000i\000s\000c\000l\000o\000s\000u\000r\000e}{}% 32
